Analysis & Synthesis report for responder
Thu May 25 14:29:23 2023
Quartus Prime Version 17.1.0 Build 590 10/25/2017 SJ Standard Edition


---------------------
; Table of Contents ;
---------------------
  1. Legal Notice
  2. Analysis & Synthesis Summary
  3. Analysis & Synthesis Settings
  4. Parallel Compilation
  5. Analysis & Synthesis Source Files Read
  6. Analysis & Synthesis Resource Usage Summary
  7. Analysis & Synthesis Resource Utilization by Entity
  8. User-Specified and Inferred Latches
  9. Registers Removed During Synthesis
 10. General Register Statistics
 11. Inverted Register Statistics
 12. Multiplexer Restructuring Statistics (Restructuring Performed)
 13. Parameter Settings for User Entity Instance: Buzzer_module:U3
 14. Parameter Settings for User Entity Instance: Display_module:U4
 15. Post-Synthesis Netlist Statistics for Top Partition
 16. Elapsed Time Per Partition
 17. Analysis & Synthesis Messages



----------------
; Legal Notice ;
----------------
Copyright (C) 2017  Intel Corporation. All rights reserved.
Your use of Intel Corporation's design tools, logic functions 
and other software and tools, and its AMPP partner logic 
functions, and any output files from any of the foregoing 
(including device programming or simulation files), and any 
associated documentation or information are expressly subject 
to the terms and conditions of the Intel Program License 
Subscription Agreement, the Intel Quartus Prime License Agreement,
the Intel FPGA IP License Agreement, or other applicable license
agreement, including, without limitation, that your use is for
the sole purpose of programming logic devices manufactured by
Intel and sold by Intel or its authorized distributors.  Please
refer to the applicable agreement for further details.



+--------------------------------------------------------------------------------------+
; Analysis & Synthesis Summary                                                         ;
+------------------------------------+-------------------------------------------------+
; Analysis & Synthesis Status        ; Successful - Thu May 25 14:29:23 2023           ;
; Quartus Prime Version              ; 17.1.0 Build 590 10/25/2017 SJ Standard Edition ;
; Revision Name                      ; responder                                       ;
; Top-level Entity Name              ; responder                                       ;
; Family                             ; Cyclone IV E                                    ;
; Total logic elements               ; 185                                             ;
;     Total combinational functions  ; 180                                             ;
;     Dedicated logic registers      ; 103                                             ;
; Total registers                    ; 103                                             ;
; Total pins                         ; 28                                              ;
; Total virtual pins                 ; 0                                               ;
; Total memory bits                  ; 0                                               ;
; Embedded Multiplier 9-bit elements ; 0                                               ;
; Total PLLs                         ; 0                                               ;
+------------------------------------+-------------------------------------------------+


+----------------------------------------------------------------------------------------------------------------------+
; Analysis & Synthesis Settings                                                                                        ;
+----------------------------------------------------------------------------+--------------------+--------------------+
; Option                                                                     ; Setting            ; Default Value      ;
+----------------------------------------------------------------------------+--------------------+--------------------+
; Device                                                                     ; EP4CE55F23I7       ;                    ;
; Top-level entity name                                                      ; responder          ; responder          ;
; Family name                                                                ; Cyclone IV E       ; Cyclone V          ;
; Use smart compilation                                                      ; Off                ; Off                ;
; Enable parallel Assembler and TimeQuest Timing Analyzer during compilation ; On                 ; On                 ;
; Enable compact report table                                                ; Off                ; Off                ;
; Restructure Multiplexers                                                   ; Auto               ; Auto               ;
; Create Debugging Nodes for IP Cores                                        ; Off                ; Off                ;
; Preserve fewer node names                                                  ; On                 ; On                 ;
; Intel FPGA IP Evaluation Mode                                              ; Enable             ; Enable             ;
; Verilog Version                                                            ; Verilog_2001       ; Verilog_2001       ;
; VHDL Version                                                               ; VHDL_1993          ; VHDL_1993          ;
; State Machine Processing                                                   ; Auto               ; Auto               ;
; Safe State Machine                                                         ; Off                ; Off                ;
; Extract Verilog State Machines                                             ; On                 ; On                 ;
; Extract VHDL State Machines                                                ; On                 ; On                 ;
; Ignore Verilog initial constructs                                          ; Off                ; Off                ;
; Iteration limit for constant Verilog loops                                 ; 5000               ; 5000               ;
; Iteration limit for non-constant Verilog loops                             ; 250                ; 250                ;
; Add Pass-Through Logic to Inferred RAMs                                    ; On                 ; On                 ;
; Infer RAMs from Raw Logic                                                  ; On                 ; On                 ;
; Parallel Synthesis                                                         ; On                 ; On                 ;
; DSP Block Balancing                                                        ; Auto               ; Auto               ;
; NOT Gate Push-Back                                                         ; On                 ; On                 ;
; Power-Up Don't Care                                                        ; On                 ; On                 ;
; Remove Redundant Logic Cells                                               ; Off                ; Off                ;
; Remove Duplicate Registers                                                 ; On                 ; On                 ;
; Ignore CARRY Buffers                                                       ; Off                ; Off                ;
; Ignore CASCADE Buffers                                                     ; Off                ; Off                ;
; Ignore GLOBAL Buffers                                                      ; Off                ; Off                ;
; Ignore ROW GLOBAL Buffers                                                  ; Off                ; Off                ;
; Ignore LCELL Buffers                                                       ; Off                ; Off                ;
; Ignore SOFT Buffers                                                        ; On                 ; On                 ;
; Limit AHDL Integers to 32 Bits                                             ; Off                ; Off                ;
; Optimization Technique                                                     ; Balanced           ; Balanced           ;
; Carry Chain Length                                                         ; 70                 ; 70                 ;
; Auto Carry Chains                                                          ; On                 ; On                 ;
; Auto Open-Drain Pins                                                       ; On                 ; On                 ;
; Perform WYSIWYG Primitive Resynthesis                                      ; Off                ; Off                ;
; Auto ROM Replacement                                                       ; On                 ; On                 ;
; Auto RAM Replacement                                                       ; On                 ; On                 ;
; Auto DSP Block Replacement                                                 ; On                 ; On                 ;
; Auto Shift Register Replacement                                            ; Auto               ; Auto               ;
; Allow Shift Register Merging across Hierarchies                            ; Auto               ; Auto               ;
; Auto Clock Enable Replacement                                              ; On                 ; On                 ;
; Strict RAM Replacement                                                     ; Off                ; Off                ;
; Allow Synchronous Control Signals                                          ; On                 ; On                 ;
; Force Use of Synchronous Clear Signals                                     ; Off                ; Off                ;
; Auto RAM Block Balancing                                                   ; On                 ; On                 ;
; Auto RAM to Logic Cell Conversion                                          ; Off                ; Off                ;
; Auto Resource Sharing                                                      ; Off                ; Off                ;
; Allow Any RAM Size For Recognition                                         ; Off                ; Off                ;
; Allow Any ROM Size For Recognition                                         ; Off                ; Off                ;
; Allow Any Shift Register Size For Recognition                              ; Off                ; Off                ;
; Use LogicLock Constraints during Resource Balancing                        ; On                 ; On                 ;
; Ignore translate_off and synthesis_off directives                          ; Off                ; Off                ;
; Timing-Driven Synthesis                                                    ; On                 ; On                 ;
; Report Parameter Settings                                                  ; On                 ; On                 ;
; Report Source Assignments                                                  ; On                 ; On                 ;
; Report Connectivity Checks                                                 ; On                 ; On                 ;
; Ignore Maximum Fan-Out Assignments                                         ; Off                ; Off                ;
; Synchronization Register Chain Length                                      ; 2                  ; 2                  ;
; Power Optimization During Synthesis                                        ; Normal compilation ; Normal compilation ;
; HDL message level                                                          ; Level2             ; Level2             ;
; Suppress Register Optimization Related Messages                            ; Off                ; Off                ;
; Number of Removed Registers Reported in Synthesis Report                   ; 5000               ; 5000               ;
; Number of Swept Nodes Reported in Synthesis Report                         ; 5000               ; 5000               ;
; Number of Inverted Registers Reported in Synthesis Report                  ; 100                ; 100                ;
; Clock MUX Protection                                                       ; On                 ; On                 ;
; Auto Gated Clock Conversion                                                ; Off                ; Off                ;
; Block Design Naming                                                        ; Auto               ; Auto               ;
; SDC constraint protection                                                  ; Off                ; Off                ;
; Synthesis Effort                                                           ; Auto               ; Auto               ;
; Shift Register Replacement - Allow Asynchronous Clear Signal               ; On                 ; On                 ;
; Pre-Mapping Resynthesis Optimization                                       ; Off                ; Off                ;
; Analysis & Synthesis Message Level                                         ; Medium             ; Medium             ;
; Disable Register Merging Across Hierarchies                                ; Auto               ; Auto               ;
; Resource Aware Inference For Block RAM                                     ; On                 ; On                 ;
+----------------------------------------------------------------------------+--------------------+--------------------+


+------------------------------------------+
; Parallel Compilation                     ;
+----------------------------+-------------+
; Processors                 ; Number      ;
+----------------------------+-------------+
; Number detected on machine ; 8           ;
; Maximum allowed            ; 4           ;
;                            ;             ;
; Average used               ; 1.00        ;
; Maximum used               ; 4           ;
;                            ;             ;
; Usage by Processor         ; % Time Used ;
;     Processor 1            ; 100.0%      ;
;     Processors 2-4         ;   0.0%      ;
+----------------------------+-------------+


+-------------------------------------------------------------------------------------------------------------------------------------------------------------------+
; Analysis & Synthesis Source Files Read                                                                                                                            ;
+----------------------------------+-----------------+------------------------+---------------------------------------------------------------------------+---------+
; File Name with User-Entered Path ; Used in Netlist ; File Type              ; File Name with Absolute Path                                              ; Library ;
+----------------------------------+-----------------+------------------------+---------------------------------------------------------------------------+---------+
; responder.v                      ; yes             ; User Verilog HDL File  ; D:/Desktop/undergraduate/Embedded/FPGA/code/12 responder/responder.v      ;         ;
; Timer_module.v                   ; yes             ; User Verilog HDL File  ; D:/Desktop/undergraduate/Embedded/FPGA/code/12 responder/Timer_module.v   ;         ;
; Buzzer_module.v                  ; yes             ; User Verilog HDL File  ; D:/Desktop/undergraduate/Embedded/FPGA/code/12 responder/Buzzer_module.v  ;         ;
; Select_module.v                  ; yes             ; User Verilog HDL File  ; D:/Desktop/undergraduate/Embedded/FPGA/code/12 responder/Select_module.v  ;         ;
; Display_module.v                 ; yes             ; User Verilog HDL File  ; D:/Desktop/undergraduate/Embedded/FPGA/code/12 responder/Display_module.v ;         ;
+----------------------------------+-----------------+------------------------+---------------------------------------------------------------------------+---------+


+---------------------------------------------------------+
; Analysis & Synthesis Resource Usage Summary             ;
+---------------------------------------------+-----------+
; Resource                                    ; Usage     ;
+---------------------------------------------+-----------+
; Estimated Total logic elements              ; 185       ;
;                                             ;           ;
; Total combinational functions               ; 180       ;
; Logic element usage by number of LUT inputs ;           ;
;     -- 4 input functions                    ; 49        ;
;     -- 3 input functions                    ; 34        ;
;     -- <=2 input functions                  ; 97        ;
;                                             ;           ;
; Logic elements by mode                      ;           ;
;     -- normal mode                          ; 110       ;
;     -- arithmetic mode                      ; 70        ;
;                                             ;           ;
; Total registers                             ; 103       ;
;     -- Dedicated logic registers            ; 103       ;
;     -- I/O registers                        ; 0         ;
;                                             ;           ;
; I/O pins                                    ; 28        ;
;                                             ;           ;
; Embedded Multiplier 9-bit elements          ; 0         ;
;                                             ;           ;
; Maximum fan-out node                        ; CLK~input ;
; Maximum fan-out                             ; 90        ;
; Total fan-out                               ; 860       ;
; Average fan-out                             ; 2.54      ;
+---------------------------------------------+-----------+


+----------------------------------------------------------------------------------------------------------------------------------------------------------------------------------------------------------------------+
; Analysis & Synthesis Resource Utilization by Entity                                                                                                                                                                  ;
+----------------------------+---------------------+---------------------------+-------------+--------------+---------+-----------+------+--------------+------------------------------+----------------+--------------+
; Compilation Hierarchy Node ; Combinational ALUTs ; Dedicated Logic Registers ; Memory Bits ; DSP Elements ; DSP 9x9 ; DSP 18x18 ; Pins ; Virtual Pins ; Full Hierarchy Name          ; Entity Name    ; Library Name ;
+----------------------------+---------------------+---------------------------+-------------+--------------+---------+-----------+------+--------------+------------------------------+----------------+--------------+
; |responder                 ; 180 (0)             ; 103 (0)                   ; 0           ; 0            ; 0       ; 0         ; 28   ; 0            ; |responder                   ; responder      ; work         ;
;    |Buzzer_module:U3|      ; 31 (31)             ; 21 (21)                   ; 0           ; 0            ; 0       ; 0         ; 0    ; 0            ; |responder|Buzzer_module:U3  ; Buzzer_module  ; work         ;
;    |Display_module:U4|     ; 44 (44)             ; 10 (10)                   ; 0           ; 0            ; 0       ; 0         ; 0    ; 0            ; |responder|Display_module:U4 ; Display_module ; work         ;
;    |Select_module:U1|      ; 44 (44)             ; 33 (33)                   ; 0           ; 0            ; 0       ; 0         ; 0    ; 0            ; |responder|Select_module:U1  ; Select_module  ; work         ;
;    |Timer_module:U2|       ; 61 (61)             ; 39 (39)                   ; 0           ; 0            ; 0       ; 0         ; 0    ; 0            ; |responder|Timer_module:U2   ; Timer_module   ; work         ;
+----------------------------+---------------------+---------------------------+-------------+--------------+---------+-----------+------+--------------+------------------------------+----------------+--------------+
Note: For table entries with two numbers listed, the numbers in parentheses indicate the number of resources of the given type used by the specific entity alone. The numbers listed outside of parentheses indicate the total resources of the given type used by the specific entity and all of its sub-entities in the hierarchy.


+-------------------------------------------------------------------------------------------------------+
; User-Specified and Inferred Latches                                                                   ;
+-----------------------------------------------------+------------------------+------------------------+
; Latch Name                                          ; Latch Enable Signal    ; Free of Timing Hazards ;
+-----------------------------------------------------+------------------------+------------------------+
; Display_module:U4|W_Digitron_Out[0]                 ; Display_module:U4|Mux7 ; yes                    ;
; Display_module:U4|W_Digitron_Out[1]                 ; Display_module:U4|Mux7 ; yes                    ;
; Display_module:U4|W_Digitron_Out[2]                 ; Display_module:U4|Mux7 ; yes                    ;
; Display_module:U4|W_Digitron_Out[3]                 ; Display_module:U4|Mux7 ; yes                    ;
; Display_module:U4|W_Digitron_Out[4]                 ; Display_module:U4|Mux7 ; yes                    ;
; Display_module:U4|W_Digitron_Out[5]                 ; Display_module:U4|Mux7 ; yes                    ;
; Display_module:U4|W_Digitron_Out[6]                 ; Display_module:U4|Mux7 ; yes                    ;
; Display_module:U4|W_DigitronCS_Out.1110_158         ; Display_module:U4|Mux9 ; yes                    ;
; Display_module:U4|W_DigitronCS_Out.1011_166         ; Display_module:U4|Mux9 ; yes                    ;
; Display_module:U4|W_DigitronCS_Out.0111_174         ; Display_module:U4|Mux9 ; yes                    ;
; Number of user-specified and inferred latches = 10  ;                        ;                        ;
+-----------------------------------------------------+------------------------+------------------------+
Note: All latches listed above may not be present at the end of synthesis due to various synthesis optimizations.


+------------------------------------------------------------------------------------+
; Registers Removed During Synthesis                                                 ;
+-----------------------------------------+------------------------------------------+
; Register name                           ; Reason for Removal                       ;
+-----------------------------------------+------------------------------------------+
; Buzzer_module:U3|Pulse_x[6,9,11]        ; Stuck at GND due to stuck port data_in   ;
; Buzzer_module:U3|Pulse_x[4,12,16]       ; Merged with Buzzer_module:U3|Pulse_x[13] ;
; Timer_module:U2|Buzzer_TimeOver         ; Merged with Timer_module:U2|count1       ;
; Select_module:U1|Player_Number[2]       ; Merged with Select_module:U1|LED_Out[3]  ;
; Buzzer_module:U3|Pulse_x[2,8]           ; Merged with Buzzer_module:U3|Pulse_x[15] ;
; Buzzer_module:U3|Pulse_x[1,3,5,7,10,14] ; Merged with Buzzer_module:U3|Pulse_x[0]  ;
; Select_module:U1|Player_Number[3]       ; Stuck at GND due to stuck port data_in   ;
; Total Number of Removed Registers = 17  ;                                          ;
+-----------------------------------------+------------------------------------------+


+------------------------------------------------------+
; General Register Statistics                          ;
+----------------------------------------------+-------+
; Statistic                                    ; Value ;
+----------------------------------------------+-------+
; Total registers                              ; 103   ;
; Number of registers using Synchronous Clear  ; 17    ;
; Number of registers using Synchronous Load   ; 0     ;
; Number of registers using Asynchronous Clear ; 71    ;
; Number of registers using Asynchronous Load  ; 0     ;
; Number of registers using Clock Enable       ; 32    ;
; Number of registers using Preset             ; 0     ;
+----------------------------------------------+-------+


+--------------------------------------------------+
; Inverted Register Statistics                     ;
+----------------------------------------+---------+
; Inverted Register                      ; Fan out ;
+----------------------------------------+---------+
; Buzzer_module:U3|W_buzzer              ; 2       ;
; Timer_module:U2|TimerH[1]              ; 4       ;
; Timer_module:U2|TimerH[0]              ; 5       ;
; Total number of inverted registers = 3 ;         ;
+----------------------------------------+---------+


+------------------------------------------------------------------------------------------------------------------------------------------------------+
; Multiplexer Restructuring Statistics (Restructuring Performed)                                                                                       ;
+--------------------+-----------+---------------+----------------------+------------------------+------------+----------------------------------------+
; Multiplexer Inputs ; Bus Width ; Baseline Area ; Area if Restructured ; Saving if Restructured ; Registered ; Example Multiplexer Output             ;
+--------------------+-----------+---------------+----------------------+------------------------+------------+----------------------------------------+
; 3:1                ; 17 bits   ; 34 LEs        ; 17 LEs               ; 17 LEs                 ; Yes        ; |responder|Buzzer_module:U3|Count[2]   ;
; 3:1                ; 4 bits    ; 8 LEs         ; 4 LEs                ; 4 LEs                  ; Yes        ; |responder|Timer_module:U2|TimerL[0]   ;
; 5:1                ; 6 bits    ; 18 LEs        ; 12 LEs               ; 6 LEs                  ; Yes        ; |responder|Select_module:U1|LED_Out[3] ;
; 3:1                ; 3 bits    ; 6 LEs         ; 6 LEs                ; 0 LEs                  ; No         ; |responder|Display_module:U4|Selector1 ;
+--------------------+-----------+---------------+----------------------+------------------------+------------+----------------------------------------+


+---------------------------------------------------------------+
; Parameter Settings for User Entity Instance: Buzzer_module:U3 ;
+----------------+-------------------+--------------------------+
; Parameter Name ; Value             ; Type                     ;
+----------------+-------------------+--------------------------+
; _Answer        ; 10111010010111011 ; Unsigned Binary          ;
; _TimeOver      ; 01100010110101111 ; Unsigned Binary          ;
+----------------+-------------------+--------------------------+
Note: In order to hide this table in the UI and the text report file, please set the "Show Parameter Settings in Synthesis Report" option in "Analysis and Synthesis Settings -> More Settings" to "Off".


+----------------------------------------------------------------+
; Parameter Settings for User Entity Instance: Display_module:U4 ;
+----------------+----------+------------------------------------+
; Parameter Name ; Value    ; Type                               ;
+----------------+----------+------------------------------------+
; _0             ; 00111111 ; Unsigned Binary                    ;
; _1             ; 00000110 ; Unsigned Binary                    ;
; _2             ; 01011011 ; Unsigned Binary                    ;
; _3             ; 01001111 ; Unsigned Binary                    ;
; _4             ; 01100110 ; Unsigned Binary                    ;
; _5             ; 01101101 ; Unsigned Binary                    ;
; _6             ; 01111101 ; Unsigned Binary                    ;
; _7             ; 00000111 ; Unsigned Binary                    ;
; _8             ; 01111111 ; Unsigned Binary                    ;
; _9             ; 01101111 ; Unsigned Binary                    ;
+----------------+----------+------------------------------------+
Note: In order to hide this table in the UI and the text report file, please set the "Show Parameter Settings in Synthesis Report" option in "Analysis and Synthesis Settings -> More Settings" to "Off".


+-----------------------------------------------------+
; Post-Synthesis Netlist Statistics for Top Partition ;
+-----------------------+-----------------------------+
; Type                  ; Count                       ;
+-----------------------+-----------------------------+
; boundary_port         ; 28                          ;
; cycloneiii_ff         ; 103                         ;
;     CLR               ; 41                          ;
;     ENA               ; 2                           ;
;     ENA CLR           ; 30                          ;
;     SCLR              ; 17                          ;
;     plain             ; 13                          ;
; cycloneiii_lcell_comb ; 186                         ;
;     arith             ; 70                          ;
;         2 data inputs ; 69                          ;
;         3 data inputs ; 1                           ;
;     normal            ; 116                         ;
;         0 data inputs ; 2                           ;
;         1 data inputs ; 9                           ;
;         2 data inputs ; 23                          ;
;         3 data inputs ; 33                          ;
;         4 data inputs ; 49                          ;
;                       ;                             ;
; Max LUT depth         ; 4.40                        ;
; Average LUT depth     ; 2.96                        ;
+-----------------------+-----------------------------+


+-------------------------------+
; Elapsed Time Per Partition    ;
+----------------+--------------+
; Partition Name ; Elapsed Time ;
+----------------+--------------+
; Top            ; 00:00:00     ;
+----------------+--------------+


+-------------------------------+
; Analysis & Synthesis Messages ;
+-------------------------------+
Info: *******************************************************************
Info: Running Quartus Prime Analysis & Synthesis
    Info: Version 17.1.0 Build 590 10/25/2017 SJ Standard Edition
    Info: Processing started: Thu May 25 14:29:11 2023
Info: Command: quartus_map --read_settings_files=on --write_settings_files=off responder -c responder
Warning (18236): Number of processors has not been specified which may cause overloading on shared machines.  Set the global assignment NUM_PARALLEL_PROCESSORS in your QSF to an appropriate value for best performance.
Info (20030): Parallel compilation is enabled and will use 4 of the 4 processors detected
Info (12021): Found 1 design units, including 1 entities, in source file responder.v
    Info (12023): Found entity 1: responder File: D:/Desktop/undergraduate/Embedded/FPGA/code/12 responder/responder.v Line: 1
Info (12021): Found 1 design units, including 1 entities, in source file timer_module.v
    Info (12023): Found entity 1: Timer_module File: D:/Desktop/undergraduate/Embedded/FPGA/code/12 responder/Timer_module.v Line: 1
Info (12021): Found 1 design units, including 1 entities, in source file buzzer_module.v
    Info (12023): Found entity 1: Buzzer_module File: D:/Desktop/undergraduate/Embedded/FPGA/code/12 responder/Buzzer_module.v Line: 1
Info (12021): Found 1 design units, including 1 entities, in source file select_module.v
    Info (12023): Found entity 1: Select_module File: D:/Desktop/undergraduate/Embedded/FPGA/code/12 responder/Select_module.v Line: 1
Info (12021): Found 1 design units, including 1 entities, in source file display_module.v
    Info (12023): Found entity 1: Display_module File: D:/Desktop/undergraduate/Embedded/FPGA/code/12 responder/Display_module.v Line: 1
Info (12127): Elaborating entity "responder" for the top level hierarchy
Info (12128): Elaborating entity "Select_module" for hierarchy "Select_module:U1" File: D:/Desktop/undergraduate/Embedded/FPGA/code/12 responder/responder.v Line: 33
Info (12128): Elaborating entity "Timer_module" for hierarchy "Timer_module:U2" File: D:/Desktop/undergraduate/Embedded/FPGA/code/12 responder/responder.v Line: 44
Info (12128): Elaborating entity "Buzzer_module" for hierarchy "Buzzer_module:U3" File: D:/Desktop/undergraduate/Embedded/FPGA/code/12 responder/responder.v Line: 52
Info (12128): Elaborating entity "Display_module" for hierarchy "Display_module:U4" File: D:/Desktop/undergraduate/Embedded/FPGA/code/12 responder/responder.v Line: 62
Warning (10270): Verilog HDL Case Statement warning at Display_module.v(36): incomplete case statement has no default case item File: D:/Desktop/undergraduate/Embedded/FPGA/code/12 responder/Display_module.v Line: 36
Warning (10240): Verilog HDL Always Construct warning at Display_module.v(34): inferring latch(es) for variable "W_DigitronCS_Out", which holds its previous value in one or more paths through the always construct File: D:/Desktop/undergraduate/Embedded/FPGA/code/12 responder/Display_module.v Line: 34
Warning (10235): Verilog HDL Always Construct warning at Display_module.v(46): variable "Player_Number" is read inside the Always Construct but isn't in the Always Construct's Event Control File: D:/Desktop/undergraduate/Embedded/FPGA/code/12 responder/Display_module.v Line: 46
Warning (10235): Verilog HDL Always Construct warning at Display_module.v(47): variable "TimerH" is read inside the Always Construct but isn't in the Always Construct's Event Control File: D:/Desktop/undergraduate/Embedded/FPGA/code/12 responder/Display_module.v Line: 47
Warning (10235): Verilog HDL Always Construct warning at Display_module.v(48): variable "TimerL" is read inside the Always Construct but isn't in the Always Construct's Event Control File: D:/Desktop/undergraduate/Embedded/FPGA/code/12 responder/Display_module.v Line: 48
Warning (10270): Verilog HDL Case Statement warning at Display_module.v(51): incomplete case statement has no default case item File: D:/Desktop/undergraduate/Embedded/FPGA/code/12 responder/Display_module.v Line: 51
Warning (10240): Verilog HDL Always Construct warning at Display_module.v(43): inferring latch(es) for variable "W_Digitron_Out", which holds its previous value in one or more paths through the always construct File: D:/Desktop/undergraduate/Embedded/FPGA/code/12 responder/Display_module.v Line: 43
Info (10041): Inferred latch for "W_Digitron_Out[0]" at Display_module.v(43) File: D:/Desktop/undergraduate/Embedded/FPGA/code/12 responder/Display_module.v Line: 43
Info (10041): Inferred latch for "W_Digitron_Out[1]" at Display_module.v(43) File: D:/Desktop/undergraduate/Embedded/FPGA/code/12 responder/Display_module.v Line: 43
Info (10041): Inferred latch for "W_Digitron_Out[2]" at Display_module.v(43) File: D:/Desktop/undergraduate/Embedded/FPGA/code/12 responder/Display_module.v Line: 43
Info (10041): Inferred latch for "W_Digitron_Out[3]" at Display_module.v(43) File: D:/Desktop/undergraduate/Embedded/FPGA/code/12 responder/Display_module.v Line: 43
Info (10041): Inferred latch for "W_Digitron_Out[4]" at Display_module.v(43) File: D:/Desktop/undergraduate/Embedded/FPGA/code/12 responder/Display_module.v Line: 43
Info (10041): Inferred latch for "W_Digitron_Out[5]" at Display_module.v(43) File: D:/Desktop/undergraduate/Embedded/FPGA/code/12 responder/Display_module.v Line: 43
Info (10041): Inferred latch for "W_Digitron_Out[6]" at Display_module.v(43) File: D:/Desktop/undergraduate/Embedded/FPGA/code/12 responder/Display_module.v Line: 43
Info (10041): Inferred latch for "W_Digitron_Out[7]" at Display_module.v(43) File: D:/Desktop/undergraduate/Embedded/FPGA/code/12 responder/Display_module.v Line: 43
Info (10041): Inferred latch for "W_DigitronCS_Out.1110" at Display_module.v(34) File: D:/Desktop/undergraduate/Embedded/FPGA/code/12 responder/Display_module.v Line: 34
Info (10041): Inferred latch for "W_DigitronCS_Out.1011" at Display_module.v(34) File: D:/Desktop/undergraduate/Embedded/FPGA/code/12 responder/Display_module.v Line: 34
Info (10041): Inferred latch for "W_DigitronCS_Out.0111" at Display_module.v(34) File: D:/Desktop/undergraduate/Embedded/FPGA/code/12 responder/Display_module.v Line: 34
Warning (13012): Latch Display_module:U4|W_Digitron_Out[0] has unsafe behavior File: D:/Desktop/undergraduate/Embedded/FPGA/code/12 responder/Display_module.v Line: 43
    Warning (13013): Ports D and ENA on the latch are fed by the same signal Display_module:U4|W_DigitronCS_Out.0111_174 File: D:/Desktop/undergraduate/Embedded/FPGA/code/12 responder/Display_module.v Line: 34
Warning (13012): Latch Display_module:U4|W_Digitron_Out[1] has unsafe behavior File: D:/Desktop/undergraduate/Embedded/FPGA/code/12 responder/Display_module.v Line: 43
    Warning (13013): Ports D and ENA on the latch are fed by the same signal Timer_module:U2|TimerL[2] File: D:/Desktop/undergraduate/Embedded/FPGA/code/12 responder/Timer_module.v Line: 34
Warning (13012): Latch Display_module:U4|W_Digitron_Out[2] has unsafe behavior File: D:/Desktop/undergraduate/Embedded/FPGA/code/12 responder/Display_module.v Line: 43
    Warning (13013): Ports D and ENA on the latch are fed by the same signal Timer_module:U2|TimerL[2] File: D:/Desktop/undergraduate/Embedded/FPGA/code/12 responder/Timer_module.v Line: 34
Warning (13012): Latch Display_module:U4|W_Digitron_Out[3] has unsafe behavior File: D:/Desktop/undergraduate/Embedded/FPGA/code/12 responder/Display_module.v Line: 43
    Warning (13013): Ports D and ENA on the latch are fed by the same signal Display_module:U4|W_DigitronCS_Out.0111_174 File: D:/Desktop/undergraduate/Embedded/FPGA/code/12 responder/Display_module.v Line: 34
Warning (13012): Latch Display_module:U4|W_Digitron_Out[4] has unsafe behavior File: D:/Desktop/undergraduate/Embedded/FPGA/code/12 responder/Display_module.v Line: 43
    Warning (13013): Ports D and ENA on the latch are fed by the same signal Display_module:U4|W_DigitronCS_Out.0111_174 File: D:/Desktop/undergraduate/Embedded/FPGA/code/12 responder/Display_module.v Line: 34
Warning (13012): Latch Display_module:U4|W_Digitron_Out[5] has unsafe behavior File: D:/Desktop/undergraduate/Embedded/FPGA/code/12 responder/Display_module.v Line: 43
    Warning (13013): Ports D and ENA on the latch are fed by the same signal Display_module:U4|W_DigitronCS_Out.0111_174 File: D:/Desktop/undergraduate/Embedded/FPGA/code/12 responder/Display_module.v Line: 34
Warning (13012): Latch Display_module:U4|W_Digitron_Out[6] has unsafe behavior File: D:/Desktop/undergraduate/Embedded/FPGA/code/12 responder/Display_module.v Line: 43
    Warning (13013): Ports D and ENA on the latch are fed by the same signal Display_module:U4|W_DigitronCS_Out.0111_174 File: D:/Desktop/undergraduate/Embedded/FPGA/code/12 responder/Display_module.v Line: 34
Warning (13012): Latch Display_module:U4|W_DigitronCS_Out.1110_158 has unsafe behavior File: D:/Desktop/undergraduate/Embedded/FPGA/code/12 responder/Display_module.v Line: 34
    Warning (13013): Ports D and ENA on the latch are fed by the same signal Display_module:U4|cnt[0] File: D:/Desktop/undergraduate/Embedded/FPGA/code/12 responder/Display_module.v Line: 19
Warning (13012): Latch Display_module:U4|W_DigitronCS_Out.1011_166 has unsafe behavior File: D:/Desktop/undergraduate/Embedded/FPGA/code/12 responder/Display_module.v Line: 34
    Warning (13013): Ports D and ENA on the latch are fed by the same signal Display_module:U4|cnt[0] File: D:/Desktop/undergraduate/Embedded/FPGA/code/12 responder/Display_module.v Line: 19
Warning (13012): Latch Display_module:U4|W_DigitronCS_Out.0111_174 has unsafe behavior File: D:/Desktop/undergraduate/Embedded/FPGA/code/12 responder/Display_module.v Line: 34
    Warning (13013): Ports D and ENA on the latch are fed by the same signal Display_module:U4|cnt[1] File: D:/Desktop/undergraduate/Embedded/FPGA/code/12 responder/Display_module.v Line: 19
Info (13000): Registers with preset signals will power-up high File: D:/Desktop/undergraduate/Embedded/FPGA/code/12 responder/Timer_module.v Line: 34
Info (13003): DEV_CLRn pin will set, and not reset, register with preset signal due to NOT Gate Push-Back
Warning (13024): Output pins are stuck at VCC or GND
    Warning (13410): Pin "Digitron_Out[7]" is stuck at GND File: D:/Desktop/undergraduate/Embedded/FPGA/code/12 responder/responder.v Line: 10
    Warning (13410): Pin "DigitronCS_Out[1]" is stuck at VCC File: D:/Desktop/undergraduate/Embedded/FPGA/code/12 responder/responder.v Line: 11
Info (286030): Timing-Driven Synthesis is running
Info (16010): Generating hard_block partition "hard_block:auto_generated_inst"
    Info (16011): Adding 0 node(s), including 0 DDIO, 0 PLL, 0 transceiver and 0 LCELL
Info (21057): Implemented 215 device resources after synthesis - the final resource count might be different
    Info (21058): Implemented 7 input pins
    Info (21059): Implemented 21 output pins
    Info (21061): Implemented 187 logic cells
Info: Quartus Prime Analysis & Synthesis was successful. 0 errors, 31 warnings
    Info: Peak virtual memory: 4764 megabytes
    Info: Processing ended: Thu May 25 14:29:23 2023
    Info: Elapsed time: 00:00:12
    Info: Total CPU time (on all processors): 00:00:25


