------------------------------------------------------------
TimeQuest Timing Analyzer Summary
------------------------------------------------------------

Type  : Slow 1200mV 100C Model Setup 'CLK'
Slack : -80.857
TNS   : -417.106

Type  : Slow 1200mV 100C Model Setup 'Rstn'
Slack : -63.896
TNS   : -674.572

Type  : Slow 1200mV 100C Model Hold 'CLK'
Slack : 0.437
TNS   : 0.000

Type  : Slow 1200mV 100C Model Hold 'Rstn'
Slack : 0.449
TNS   : 0.000

Type  : Slow 1200mV 100C Model Recovery 'CLK'
Slack : -1.660
TNS   : -43.141

Type  : Slow 1200mV 100C Model Removal 'CLK'
Slack : -0.258
TNS   : -3.062

Type  : Slow 1200mV 100C Model Minimum Pulse Width 'Rstn'
Slack : -3.000
TNS   : -95.892

Type  : Slow 1200mV 100C Model Minimum Pulse Width 'CLK'
Slack : -3.000
TNS   : -92.950

Type  : Slow 1200mV -40C Model Setup 'CLK'
Slack : -69.723
TNS   : -361.293

Type  : Slow 1200mV -40C Model Setup 'Rstn'
Slack : -55.717
TNS   : -586.076

Type  : Slow 1200mV -40C Model Hold 'CLK'
Slack : 0.368
TNS   : 0.000

Type  : Slow 1200mV -40C Model Hold 'Rstn'
Slack : 0.422
TNS   : 0.000

Type  : Slow 1200mV -40C Model Recovery 'CLK'
Slack : -1.290
TNS   : -29.841

Type  : Slow 1200mV -40C Model Removal 'CLK'
Slack : -0.176
TNS   : -1.268

Type  : Slow 1200mV -40C Model Minimum Pulse Width 'CLK'
Slack : -3.000
TNS   : -92.950

Type  : Slow 1200mV -40C Model Minimum Pulse Width 'Rstn'
Slack : -3.000
TNS   : -79.779

Type  : Fast 1200mV -40C Model Setup 'CLK'
Slack : -36.647
TNS   : -165.234

Type  : Fast 1200mV -40C Model Setup 'Rstn'
Slack : -29.187
TNS   : -306.258

Type  : Fast 1200mV -40C Model Hold 'CLK'
Slack : 0.183
TNS   : 0.000

Type  : Fast 1200mV -40C Model Hold 'Rstn'
Slack : 0.484
TNS   : 0.000

Type  : Fast 1200mV -40C Model Recovery 'CLK'
Slack : -0.962
TNS   : -26.885

Type  : Fast 1200mV -40C Model Removal 'CLK'
Slack : -0.204
TNS   : -4.348

Type  : Fast 1200mV -40C Model Minimum Pulse Width 'CLK'
Slack : -3.000
TNS   : -75.279

Type  : Fast 1200mV -40C Model Minimum Pulse Width 'Rstn'
Slack : -3.000
TNS   : -33.592

------------------------------------------------------------
