------------------------------------------------------------
TimeQuest Timing Analyzer Summary
------------------------------------------------------------

Type  : Slow 1200mV 100C Model Setup 'CLK'
Slack : -2.982
TNS   : -38.356

Type  : Slow 1200mV 100C Model Setup 'CLKDiv'
Slack : -2.217
TNS   : -97.629

Type  : Slow 1200mV 100C Model Hold 'CLKDiv'
Slack : 0.335
TNS   : 0.000

Type  : Slow 1200mV 100C Model Hold 'CLK'
Slack : 0.433
TNS   : 0.000

Type  : Slow 1200mV 100C Model Minimum Pulse Width 'CLK'
Slack : -3.000
TNS   : -35.125

Type  : Slow 1200mV 100C Model Minimum Pulse Width 'CLKDiv'
Slack : -2.710
TNS   : -123.260

Type  : Slow 1200mV -40C Model Setup 'CLK'
Slack : -2.569
TNS   : -30.585

Type  : Slow 1200mV -40C Model Setup 'CLKDiv'
Slack : -1.829
TNS   : -79.884

Type  : Slow 1200mV -40C Model Hold 'CLKDiv'
Slack : 0.304
TNS   : 0.000

Type  : Slow 1200mV -40C Model Hold 'CLK'
Slack : 0.381
TNS   : 0.000

Type  : Slow 1200mV -40C Model Minimum Pulse Width 'CLK'
Slack : -3.000
TNS   : -35.125

Type  : Slow 1200mV -40C Model Minimum Pulse Width 'CLKDiv'
Slack : -2.649
TNS   : -121.064

Type  : Fast 1200mV -40C Model Setup 'CLK'
Slack : -0.909
TNS   : -7.177

Type  : Fast 1200mV -40C Model Setup 'CLKDiv'
Slack : -0.286
TNS   : -12.566

Type  : Fast 1200mV -40C Model Hold 'CLKDiv'
Slack : 0.116
TNS   : 0.000

Type  : Fast 1200mV -40C Model Hold 'CLK'
Slack : 0.186
TNS   : 0.000

Type  : Fast 1200mV -40C Model Minimum Pulse Width 'CLK'
Slack : -3.000
TNS   : -29.415

Type  : Fast 1200mV -40C Model Minimum Pulse Width 'CLKDiv'
Slack : -1.000
TNS   : -56.000

------------------------------------------------------------
